// Jest Snapshot v1, https://goo.gl/fbAQLP

exports[`[COMPONENTS] gameList 1`] = `
<div
  className="general"
>
  home
   - 
  away
  : 
  0
   - 
  0
  <button
    onClick={[Function]}
  >
    End Game
  </button>
</div>
`;
