// Jest Snapshot v1, https://goo.gl/fbAQLP

exports[`[COMPONENTS] gameList 1`] = `
<div>
  <div
    className="general"
  >
    home
     
    0
     - 
    away
     
    0
  </div>
</div>
`;
